// Jest Snapshot v1, https://goo.gl/fbAQLP

exports[`<Tags/> Render should match a snapshot 1`] = `
<View
  style={
    Array [
      Object {
        "alignItems": "flex-start",
        "flexDirection": "row",
        "flexWrap": "wrap",
        "marginLeft": -2,
        "marginRight": -2,
      },
      Object {},
    ]
  }
  testID="tags"
>
  <TouchableOpacity
    activeOpacity={0.2}
    key="undefined_button"
    onPress={[Function]}
    testID="tagsTag"
  >
    <ColorField
      color={
        Object {
          "id": 1,
        }
      }
      fullText={true}
      style={
        Array [
          Object {
            "margin": 2,
            "paddingLeft": 4,
            "paddingRight": 4,
            "width": null,
          },
          Object {},
        ]
      }
      testID="tagColor"
    />
  </TouchableOpacity>
</View>
`;
