// Jest Snapshot v1, https://goo.gl/fbAQLP

exports[`<VisibiltyControl/> Render should match a snapshot 1`] = `
<View
  testID="visibilityControl"
>
  <View
    hitSlop={
      Object {
        "bottom": 8,
        "left": 8,
        "right": 8,
        "top": 8,
      }
    }
    style={
      Array [
        undefined,
        null,
      ]
    }
    testID="visibilityControlButton"
  >
    <TouchableOpacity
      activeOpacity={0.2}
      hitSlop={
        Object {
          "bottom": 8,
          "left": 8,
          "right": 8,
          "top": 8,
        }
      }
      onPress={[Function]}
    >
      <Text>
        Visible to All Users
      </Text>
      <IconAngleDown
        color="#737577"
        size={20}
      />
    </TouchableOpacity>
  </View>
</View>
`;
