// Jest Snapshot v1, https://goo.gl/fbAQLP

exports[`<Menu/> Render should match a snapshot 1`] = `
<withAnimatable(View)
  animation="fadeIn"
  delay={0}
  direction="normal"
  duration={500}
  iterationCount={1}
  onAnimationBegin={[Function]}
  onAnimationEnd={[Function]}
  style={
    Array [
      Object {
        "backgroundColor": "#FFF",
        "flexDirection": "row",
        "flexGrow": 1,
        "height": 64,
        "justifyContent": "space-between",
        "shadowColor": "#717171",
        "shadowOffset": Object {
          "height": -1,
          "width": 0,
        },
        "shadowOpacity": 0.35,
        "shadowRadius": 0.75,
      },
      Object {
        "width": 750,
      },
      undefined,
    ]
  }
  testID="menu"
  useNativeDriver={true}
>
  <MenuItem
    icon={
      <IconCheckMarked
        color="#FE0082"
        size={24}
        style={
          Object {
            "maxHeight": 22,
          }
        }
      />
    }
    isActive={true}
    label="Issues"
    onPress={[Function]}
  />
  <MenuItem
    icon={
      <IconPause
        color="#737577"
        size={20}
      />
    }
    isActive={false}
    label="Agile Boards"
    onPress={[Function]}
    testId="pageAgileBoards"
  />
  <Connect(Feature)
    version="2018.3"
  >
    <MenuItem
      icon={
        <IconBell
          color="#737577"
          size={22}
        />
      }
      isActive={false}
      label="Notifications"
      onPress={[Function]}
    />
  </Connect(Feature)>
  <MenuItem
    icon={
      <IconCog
        color="#737577"
        size={22}
      />
    }
    isActive={false}
    label="Settings"
    onPress={[Function]}
  />
</withAnimatable(View)>
`;
