// Jest Snapshot v1, https://goo.gl/fbAQLP

exports[`<Menu/> Render should match a snapshot 1`] = `
<withAnimatable(View)
  animation="fadeIn"
  delay={0}
  direction="normal"
  duration={500}
  iterationCount={1}
  onAnimationBegin={[Function]}
  onAnimationEnd={[Function]}
  style={
    Array [
      Object {
        "backgroundColor": "#FFF",
        "borderColor": "rgba(100, 100, 100, 0.2)",
        "borderTopWidth": 0.3,
        "flexDirection": "row",
        "flexGrow": 1,
        "height": 64,
        "justifyContent": "space-between",
      },
      undefined,
    ]
  }
  testID="menu"
  useNativeDriver={true}
>
  <MenuItem
    icon={
      <IconTask
        color="#737577"
        size={24}
      />
    }
    isActive={false}
    label="Issues"
    onPress={[Function]}
  />
  <MenuItem
    icon={
      <IconBoard
        color="#737577"
        size={28}
      />
    }
    isActive={false}
    label="Agile Boards"
    onPress={[Function]}
    testId="pageAgileBoards"
  />
  <Connect(Feature)
    version="2018.3"
  >
    <MenuItem
      icon={
        <IconBell
          color="#737577"
          size={23}
        />
      }
      isActive={false}
      label="Activity"
      onPress={[Function]}
    />
  </Connect(Feature)>
  <MenuItem
    icon={
      <IconSettings
        color="#737577"
        size={22}
      />
    }
    isActive={false}
    label="Settings"
    onPress={[Function]}
  />
</withAnimatable(View)>
`;
