// Jest Snapshot v1, https://goo.gl/fbAQLP

exports[`<Header/> Render should match a snapshot 1`] = `
<View
  style={
    Array [
      Object {
        "alignItems": "center",
        "flex": 0,
        "flexDirection": "row",
        "justifyContent": "space-between",
        "minHeight": 56,
        "paddingBottom": 12,
        "paddingLeft": 8,
        "paddingRight": 8,
        "paddingTop": 12,
      },
      undefined,
    ]
  }
  testID="header"
>
  <View
    style={
      Object {
        "alignItems": "flex-start",
        "flex": 1,
        "flexShrink": 1,
        "padding": 0,
        "paddingLeft": 16,
      }
    }
    testID="header-content"
  />
</View>
`;
