// Jest Snapshot v1, https://goo.gl/fbAQLP

exports[`<Popup/> Render should match a snapshot 1`] = `
<ModalView
  animationType="fade"
  onRequestClose={[Function]}
  supportedOrientations={
    Array [
      "portrait",
      "landscape",
    ]
  }
  testID="popup"
  transparent={true}
>
  <View>
    <View>
      <View
        testID="popupContentChildren"
      >
        <Text
          testID="popupChildren"
        />
      </View>
      <View>
        <TouchableOpacity
          activeOpacity={0.2}
          hitSlop={
            Object {
              "bottom": 8,
              "left": 8,
              "right": 8,
              "top": 8,
            }
          }
        >
          <Text>
            Close
          </Text>
        </TouchableOpacity>
      </View>
    </View>
  </View>
</ModalView>
`;
