// Jest Snapshot v1, https://goo.gl/fbAQLP

exports[`<AgileCard/> should render snapshot 1`] = `
<Component
  style={
    Array [
      Object {
        "flexDirection": "column",
        "height": 131,
        "padding": 8,
      },
      undefined,
    ]
  }
>
  <Component
    style={
      Object {
        "flexDirection": "row",
      }
    }
  >
    <ColorField
      color={
        Object {
          "background": "#000",
          "foreground": "#FFF",
          "id": 4,
        }
      }
      fullText={true}
      style={
        Object {
          "paddingLeft": 4,
          "paddingRight": 4,
          "width": null,
        }
      }
      text="TT-123"
    />
  </Component>
  <Component
    numberOfLines={3}
    style={
      Object {
        "color": "#444444",
        "fontSize": 13,
        "paddingBottom": 4,
        "paddingTop": 4,
      }
    }
    testID="card-summary"
  >
    issue summary
  </Component>
  <Component
    style={
      Object {
        "flexDirection": "row",
        "height": 40,
      }
    }
  />
</Component>
`;
