// Jest Snapshot v1, https://goo.gl/fbAQLP

exports[`<Accounts/> Render should match a snapshot 1`] = `
<View
  style={
    Object {
      "flexDirection": "row",
      "height": 192,
      "marginTop": 24,
    }
  }
  testID="accounts"
>
  <TouchableOpacity
    activeOpacity={0.2}
    disabled={false}
    hitSlop={
      Object {
        "bottom": 8,
        "left": 8,
        "right": 8,
        "top": 8,
      }
    }
    onPress={[MockFunction]}
    style={
      Object {
        "height": 48,
      }
    }
    testID="accountsAddAccount"
  >
    <IconPlus
      color="#FE0082"
      size={24}
    />
  </TouchableOpacity>
  <_default
    activeDotColor="#FE0082"
    automaticallyAdjustContentInsets={false}
    autoplay={false}
    autoplayDirection={true}
    autoplayTimeout={2.5}
    bounces={false}
    disableNextButton={false}
    dotColor="rgba(254, 0, 130, 0.3)"
    horizontal={true}
    index={1}
    loadMinimal={false}
    loadMinimalSize={1}
    loop={false}
    onIndexChanged={[Function]}
    onTouchStart={[Function]}
    pagingEnabled={true}
    removeClippedSubviews={true}
    scrollEnabled={true}
    scrollsToTop={false}
    showsButtons={false}
    showsHorizontalScrollIndicator={false}
    showsPagination={true}
    showsVerticalScrollIndicator={false}
  >
    <View
      key="0_15"
      style={
        Object {
          "alignItems": "center",
          "height": 150,
          "justifyContent": "flex-start",
          "marginLeft": 24,
          "marginRight": 24,
        }
      }
      testID="accountsAccount"
    >
      <TouchableWithoutFeedback>
        <Avatar
          size={80}
          source={
            Object {
              "uri": "",
            }
          }
          style={
            Object {
              "borderRadius": 8,
              "height": 40,
              "width": 40,
            }
          }
        />
      </TouchableWithoutFeedback>
      <Text
        style={
          Object {
            "color": "#444444",
            "fontSize": 18,
            "fontWeight": "500",
            "letterSpacing": -0.19,
            "lineHeight": 20,
            "marginBottom": 8,
            "marginTop": 16,
          }
        }
      />
      <Text
        numberOfLines={1}
        style={
          Object {
            "color": "#444444",
            "fontSize": 14,
            "letterSpacing": -0.17,
          }
        }
      >
        youtrack.com
      </Text>
    </View>
    <View
      key="1_14"
      style={
        Object {
          "alignItems": "center",
          "height": 150,
          "justifyContent": "flex-start",
          "marginLeft": 24,
          "marginRight": 24,
        }
      }
      testID="accountsAccount"
    >
      <TouchableWithoutFeedback>
        <Avatar
          size={80}
          source={
            Object {
              "uri": "",
            }
          }
          style={
            Object {
              "borderRadius": 8,
              "height": 40,
              "width": 40,
            }
          }
        />
      </TouchableWithoutFeedback>
      <Text
        style={
          Object {
            "color": "#444444",
            "fontSize": 18,
            "fontWeight": "500",
            "letterSpacing": -0.19,
            "lineHeight": 20,
            "marginBottom": 8,
            "marginTop": 16,
          }
        }
      />
      <Text
        numberOfLines={1}
        style={
          Object {
            "color": "#444444",
            "fontSize": 14,
            "letterSpacing": -0.17,
          }
        }
      >
        youtrack.com
      </Text>
    </View>
    <View
      key="2_14"
      style={
        Object {
          "alignItems": "center",
          "height": 150,
          "justifyContent": "flex-start",
          "marginLeft": 24,
          "marginRight": 24,
        }
      }
      testID="accountsAccount"
    >
      <TouchableWithoutFeedback>
        <Avatar
          size={80}
          source={
            Object {
              "uri": "",
            }
          }
          style={
            Object {
              "borderRadius": 8,
              "height": 40,
              "width": 40,
            }
          }
        />
      </TouchableWithoutFeedback>
      <Text
        style={
          Object {
            "color": "#444444",
            "fontSize": 18,
            "fontWeight": "500",
            "letterSpacing": -0.19,
            "lineHeight": 20,
            "marginBottom": 8,
            "marginTop": 16,
          }
        }
      />
      <Text
        numberOfLines={1}
        style={
          Object {
            "color": "#444444",
            "fontSize": 14,
            "letterSpacing": -0.17,
          }
        }
      >
        youtrack.com
      </Text>
    </View>
  </_default>
  <TouchableOpacity
    activeOpacity={0.2}
    disabled={false}
    hitSlop={
      Object {
        "bottom": 8,
        "left": 8,
        "right": 8,
        "top": 8,
      }
    }
    onPress={[Function]}
    style={
      Object {
        "height": 48,
      }
    }
    testID="accountsOnLogOut"
  >
    <IconLogout
      color="#FE0082"
      size={22}
    />
  </TouchableOpacity>
</View>
`;
