// Jest Snapshot v1, https://goo.gl/fbAQLP

exports[`<UserInfo/> Render should match a snapshot 1`] = `
<Component
  style={
    Array [
      Object {
        "flexDirection": "row",
      },
      undefined,
    ]
  }
  testID="UserInfo"
>
  <Component
    style={
      Object {
        "color": "#737577",
        "flex": 0,
        "marginLeft": 16,
        "marginRight": 4,
      }
    }
    testID="UserInfoName"
  >
    userFullName
  </Component>
  <Component
    style={
      Object {
        "alignItems": "flex-end",
        "flexGrow": 1,
        "marginRight": 16,
      }
    }
    testID="UserInfoTimestamp"
  >
    <Component
      style={
        Object {
          "color": "#737577",
        }
      }
    >
      just now
    </Component>
  </Component>
</Component>
`;
