// Jest Snapshot v1, https://goo.gl/fbAQLP

exports[`<ModalView/> Render should match a snapshot 1`] = `
<Component
  animationType="none"
  hardwareAccelerated={false}
  onRequestClose={[Function]}
  supportedOrientations={
    Array [
      "portrait",
      "landscape",
    ]
  }
  testID="modalView"
  visible={true}
>
  <withOrientation
    style={
      Array [
        Object {
          "flex": 1,
        },
        Object {
          "backgroundColor": "#000",
        },
      ]
    }
  >
    <View
      style={
        Array [
          Object {
            "flex": 1,
          },
          Object {},
        ]
      }
    >
      <Text>
        children
      </Text>
    </View>
  </withOrientation>
</Component>
`;
